§92B GRID (_fewshot_probe.py --grid92; the missing 2x2 cells)
[grid92] snap wstate sha256 9c024e7ad3b88dd8c31ffab2bfe7096def645f3385d381446d1ef2517797cf8f  genmem 78f56541987dc59b285cebcfd363c4a9ab2c5732276a404b39d9ea77a8c00cd8
train 1200, test 320; POOL16/POOL8; arms ['baseline', 'sel_w32', 'selmix_w32', 'selisn_w32', 'seliso_w32', 'selhyb_w32']; G 24; seeds [7, 8]; model seed 0
[baseline G=24 seed=7 pool=all16] mean bits/outcome=6.8339  train_bpb=0.7732  vc(new,k=10..19)=+nan  [39s]
[sel_w32 G=24 seed=7 pool=all16] mean bits/outcome=6.2442  train_bpb=0.7601  vc(new,k=10..19)=+1.075  [209s]
[selmix_w32 G=24 seed=7 pool=all16] mean bits/outcome=5.8099  train_bpb=0.7607  vc(new,k=10..19)=+2.398  [211s]
[selisn_w32 G=24 seed=7 pool=all16] mean bits/outcome=6.0292  train_bpb=0.7662  vc(new,k=10..19)=+1.642  [218s]
[baseline G=24 seed=8 pool=all16] mean bits/outcome=6.8008  train_bpb=0.7731  vc(new,k=10..19)=+nan  [36s]
[seliso_w32 G=24 seed=7 pool=all16] mean bits/outcome=6.2869  train_bpb=0.7825  vc(new,k=10..19)=+2.396  [216s]
[selhyb_w32 G=24 seed=7 pool=all16] mean bits/outcome=8.1135  train_bpb=0.7904  vc(new,k=10..19)=+2.385  [225s]
[sel_w32 G=24 seed=8 pool=all16] mean bits/outcome=6.6953  train_bpb=0.7598  vc(new,k=10..19)=+0.877  [210s]
[selmix_w32 G=24 seed=8 pool=all16] mean bits/outcome=6.5083  train_bpb=0.7606  vc(new,k=10..19)=+2.325  [206s]
[selisn_w32 G=24 seed=8 pool=all16] mean bits/outcome=6.0836  train_bpb=0.7661  vc(new,k=10..19)=+1.548  [214s]
[baseline G=24 seed=7 pool=known8] mean bits/outcome=3.0907  train_bpb=0.7732  vc(new,k=10..19)=+nan  [38s]
[seliso_w32 G=24 seed=8 pool=all16] mean bits/outcome=6.4029  train_bpb=0.7823  vc(new,k=10..19)=+2.293  [210s]
[selhyb_w32 G=24 seed=8 pool=all16] mean bits/outcome=7.6389  train_bpb=0.7908  vc(new,k=10..19)=+2.098  [192s]
[sel_w32 G=24 seed=7 pool=known8] mean bits/outcome=1.6280  train_bpb=0.7601  vc(new,k=10..19)=+nan  [179s]
[selmix_w32 G=24 seed=7 pool=known8] mean bits/outcome=3.0921  train_bpb=0.7607  vc(new,k=10..19)=+nan  [188s]
[selisn_w32 G=24 seed=7 pool=known8] mean bits/outcome=3.0729  train_bpb=0.7662  vc(new,k=10..19)=+nan  [186s]
[baseline G=24 seed=8 pool=known8] mean bits/outcome=3.0462  train_bpb=0.7731  vc(new,k=10..19)=+nan  [27s]
[seliso_w32 G=24 seed=7 pool=known8] mean bits/outcome=3.1191  train_bpb=0.7825  vc(new,k=10..19)=+nan  [191s]
[selhyb_w32 G=24 seed=7 pool=known8] mean bits/outcome=3.1698  train_bpb=0.7904  vc(new,k=10..19)=+nan  [197s]
[sel_w32 G=24 seed=8 pool=known8] mean bits/outcome=1.6176  train_bpb=0.7598  vc(new,k=10..19)=+nan  [173s]
[selmix_w32 G=24 seed=8 pool=known8] mean bits/outcome=3.0656  train_bpb=0.7606  vc(new,k=10..19)=+nan  [160s]
[selisn_w32 G=24 seed=8 pool=known8] mean bits/outcome=3.0433  train_bpb=0.7661  vc(new,k=10..19)=+nan  [197s]
[seliso_w32 G=24 seed=8 pool=known8] mean bits/outcome=3.0618  train_bpb=0.7823  vc(new,k=10..19)=+nan  [203s]
[selhyb_w32 G=24 seed=8 pool=known8] mean bits/outcome=3.1118  train_bpb=0.7908  vc(new,k=10..19)=+nan  [215s]

known-cue gain vs baseline, per pool (bits per outcome word; POOL16 = 8 known + 8 new, POOL8 = known only).
  |d| I1 is the REGISTERED all-k criterion; |d| k<=19 is amendment A4's exposure-matched diagnostic
  (both pools' known-cue rows restricted to the common window); act = amendment A2's vote activity,
  the fraction of that pool's outcomes whose vote contribution is nonzero.
  arm            seed  P16 known  P8 known  |d| I1  |d| k<=19  meanK 16/8  n16/n8 k<=19  act16   act8  P16 new  vc k10-19  etv
  sel_w32           7     -0.185    +1.463   1.647      1.575  10.1/19.9     150/160      1.00   1.00   +1.404     +1.075 none
  sel_w32           8     -0.243    +1.429   1.672      1.699  11.0/20.3     145/160      1.00   1.00   +0.506     +0.877 none
  selmix_w32        7     -0.525    -0.001   0.523      0.500  10.1/19.9     150/160      1.00   1.00   +2.652     +2.398    0
  selmix_w32        8     -0.461    -0.019   0.441      0.544  11.0/20.3     145/160      1.00   1.00   +1.157     +2.325    0
  selisn_w32        7     -0.322    +0.018   0.340      0.294  10.1/19.9     150/160      1.00   1.00   +1.989     +1.642    4
  selisn_w32        8     -0.175    +0.003   0.178      0.218  11.0/20.3     145/160      1.00   1.00   +1.741     +1.548    6
  seliso_w32        7     -0.765    -0.028   0.737      0.675  10.1/19.9     150/160      1.00   1.00   +1.927     +2.396    2
  seliso_w32        8     -0.722    -0.016   0.707      0.816  11.0/20.3     145/160      1.00   1.00   +1.684     +2.293    2
  selhyb_w32        7     -1.069    -0.079   0.990      0.955  10.1/19.9     150/160      1.00   1.00   -1.501     +2.385    1
  selhyb_w32        8     -0.806    -0.066   0.740      0.861  11.0/20.3     145/160      1.00   1.00   -0.875     +2.098   15

sel_w32 G=24 seed=7 POOL16, NEW cues (pooled over the 8 new cues):
    k     gain     1stB  vote vc   gate   inT  w(cell)   u(cue)    rb     n
    0   -0.274   +5.667   +1.400  0.057  0.00  +30.982   +0.000 -1.00     8
    1   +3.710   +4.374   +3.081  0.055  0.00  +31.653   +0.003 -1.00     8
    2   +1.812   +3.867   +3.501  0.057  0.00  +32.295   +0.007 -1.00     8
    3   +1.695   +3.988   +3.445  0.053  0.00  +32.651   +0.012 -1.00     8
    4   +1.248   +3.107   +3.165  0.061  0.00  +33.242   +0.017 -1.00     8
    5   +2.807   +3.714   +3.137  0.059  0.00  +33.667   +0.022 -1.00     8
    6   +1.733   +3.119   +3.471  0.061  0.00  +34.290   +0.027 -1.00     8
    7   +1.833   +2.703   +2.192  0.065  0.25  +34.970   +0.032 -1.00     8
    8   +1.478   +2.269   +2.352  0.062  0.25  +35.394   +0.037 -1.00     8
    9   +1.493   +2.146   +1.846  0.065  0.38  +35.878   +0.042 -1.00     8
   10   +1.478   +2.104   +2.046  0.064  0.38  +36.296   +0.047 -1.00     8
   11   +0.569   +1.344   +1.186  0.069  0.75  +37.060   +0.051 -1.00     8
   12   +0.701   +1.374   +0.929  0.069  0.57  +37.092   +0.056 -1.00     7
   13   +1.915   +1.815   +1.377  0.067  0.57  +37.604   +0.060 -1.00     7
   14   +1.158   +1.046   +1.029  0.068  0.83  +37.491   +0.065 -1.00     6
   15   +1.582   +1.536   +1.240  0.062  0.50  +37.780   +0.069 -1.00     6
   16   +1.044   +0.892   +0.855  0.069  0.83  +38.171   +0.074 -1.00     6
   17   +1.089   +0.925   +0.592  0.066  0.83  +38.705   +0.079 -1.00     6
   18   +0.948   +0.690   +0.344  0.080  1.00  +38.780   +0.083 -1.00     5
   19   +0.703   +0.551   +0.423  0.072  1.00  +38.940   +0.089 -1.00     4

sel_w32 G=24 seed=7 POOL16, KNOWN cues:
    k     gain     1stB  vote vc   gate   inT  w(cell)   u(cue)    rb     n
    0   +0.464   +0.455   +0.481  0.150  1.00  +31.106   +0.525 -1.00     8
    1   +0.295   +0.286   +0.405  0.137  1.00  +31.602   +0.527 -1.00     8
    2   +0.271   +0.262   +0.317  0.147  1.00  +31.786   +0.530 -1.00     8
    3   +0.041   +0.030   -0.064  0.150  1.00  +32.137   +0.532 -1.00     8
    4   -0.212   -0.219   -0.203  0.156  1.00  +32.826   +0.535 -1.00     8
    5   -0.202   -0.211   -0.304  0.149  1.00  +33.289   +0.537 -1.00     8
    6   -0.278   -0.284   -0.358  0.149  1.00  +33.739   +0.539 -1.00     8
    7   -0.408   -0.423   -0.367  0.150  1.00  +34.274   +0.541 -1.00     8
    8   -0.632   -0.647   -0.530  0.160  1.00  +34.722   +0.544 -1.00     8
    9   -0.652   -0.667   -0.674  0.156  1.00  +35.386   +0.546 -1.00     8
   10   -0.616   -0.628   -0.663  0.163  1.00  +36.009   +0.548 -1.00     8
   11   -0.489   -0.507   -0.388  0.168  1.00  +36.332   +0.551 -1.00     8
   12   -0.568   -0.582   -0.558  0.158  1.00  +37.079   +0.553 -1.00     8
   13   -0.431   -0.439   -0.414  0.152  1.00  +37.823   +0.555 -1.00     8
   14   -0.753   -0.769   -0.476  0.169  1.00  +38.494   +0.557 -1.00     8
   15   -0.145   -0.151   -0.090  0.157  1.00  +38.937   +0.559 -1.00     8
   16   +0.159   +0.153   +0.149  0.165  1.00  +39.105   +0.561 -1.00     7
   17   +0.037   +0.020   -0.143  0.180  1.00  +39.450   +0.563 -1.00     6
   18   +0.161   +0.150   +0.105  0.164  1.00  +39.481   +0.567 -1.00     5
   19   +0.101   +0.096   +0.069  0.160  1.00  +39.540   +0.570 -1.00     4

sel_w32 G=24 seed=7 POOL8 control, KNOWN cues:
    k     gain     1stB  vote vc   gate   inT  w(cell)   u(cue)    rb     n
    0   +1.305   +1.293   +1.238  0.155  1.00  +30.789   +0.525 -1.00     8
    1   +1.307   +1.290   +1.316  0.147  1.00  +31.170   +0.527 -1.00     8
    2   +1.303   +1.296   +1.305  0.147  1.00  +31.431   +0.530 -1.00     8
    3   +1.300   +1.293   +1.311  0.139  1.00  +31.683   +0.532 -1.00     8
    4   +1.350   +1.318   +1.345  0.145  1.00  +31.879   +0.535 -1.00     8
    5   +1.333   +1.322   +1.306  0.138  1.00  +32.228   +0.537 -1.00     8
    6   +1.248   +1.224   +1.256  0.141  1.00  +32.483   +0.539 -1.00     8
    7   +1.338   +1.313   +1.396  0.163  1.00  +32.840   +0.541 -1.00     8
    8   +1.396   +1.368   +1.361  0.160  1.00  +33.150   +0.544 -1.00     8
    9   +1.391   +1.372   +1.321  0.147  1.00  +33.349   +0.546 -1.00     8
   10   +1.349   +1.328   +1.289  0.151  1.00  +33.577   +0.548 -1.00     8
   11   +1.282   +1.268   +1.319  0.144  1.00  +33.760   +0.551 -1.00     8
   12   +1.251   +1.210   +1.383  0.148  1.00  +33.955   +0.553 -1.00     8
   13   +1.460   +1.428   +1.361  0.157  1.00  +34.175   +0.555 -1.00     8
   14   +1.479   +1.461   +1.438  0.147  1.00  +34.481   +0.557 -1.00     8
   15   +1.331   +1.309   +1.443  0.161  1.00  +34.928   +0.559 -1.00     8
   16   +1.493   +1.457   +1.563  0.159  1.00  +35.106   +0.562 -1.00     8
   17   +1.316   +1.284   +1.455  0.159  1.00  +35.319   +0.564 -1.00     8
   18   +1.646   +1.621   +1.516  0.160  1.00  +35.669   +0.566 -1.00     8
   19   +1.369   +1.329   +1.626  0.166  1.00  +36.104   +0.568 -1.00     8

sel_w32 G=24 seed=8 POOL16, NEW cues (pooled over the 8 new cues):
    k     gain     1stB  vote vc   gate   inT  w(cell)   u(cue)    rb     n
    0   +1.162   +6.933   +3.049  0.057  0.00  +32.118   +0.000 -1.00     8
    1   +3.787   +4.658   +3.609  0.058  0.00  +31.690   +0.003 -1.00     8
    2   +4.105   +4.298   +3.873  0.056  0.00  +31.511   +0.007 -1.00     8
    3   +1.320   +4.107   +3.819  0.061  0.00  +31.457   +0.012 -1.00     8
    4   +0.784   +3.721   +3.721  0.058  0.00  +31.472   +0.017 -1.00     8
    5   +0.598   +3.079   +3.179  0.060  0.00  +31.478   +0.022 -1.00     8
    6   -0.231   +2.672   +2.582  0.065  0.12  +31.495   +0.027 -1.00     8
    7   +0.067   +2.378   +2.471  0.063  0.12  +31.513   +0.032 -1.00     8
    8   -0.274   +2.197   +2.152  0.061  0.12  +31.534   +0.037 -1.00     8
    9   +0.144   +1.925   +1.911  0.062  0.38  +31.565   +0.042 -1.00     8
   10   +0.131   +1.941   +1.848  0.066  0.43  +31.540   +0.048 -1.00     7
   11   -0.279   +1.616   +1.484  0.064  0.57  +31.563   +0.052 -1.00     7
   12   +0.025   +1.678   +1.383  0.067  0.57  +31.585   +0.057 -1.00     7
   13   -0.651   +1.066   +0.500  0.071  1.00  +31.607   +0.062 -1.00     7
   14   -0.055   +1.407   +0.929  0.066  0.71  +31.640   +0.066 -1.00     7
   15   -1.134   +0.682   +0.458  0.067  1.00  +31.630   +0.071 -1.00     6
   16   -1.157   +0.752   +0.468  0.068  1.00  +31.650   +0.076 -1.00     6
   17   -0.508   +0.767   +0.511  0.067  1.00  +31.679   +0.080 -1.00     6
   18   +0.004   +0.829   +0.392  0.075  1.00  +31.727   +0.085 -1.00     6
   19   -0.251   +0.940   +0.426  0.067  1.00  +31.813   +0.089 -1.00     5

sel_w32 G=24 seed=8 POOL16, KNOWN cues:
    k     gain     1stB  vote vc   gate   inT  w(cell)   u(cue)    rb     n
    0   +0.533   +0.506   +0.353  0.145  1.00  +31.963   +0.524 -1.00     8
    1   -0.366   -0.391   -0.323  0.149  1.00  +31.750   +0.527 -1.00     8
    2   -0.315   -0.325   -0.365  0.144  1.00  +31.573   +0.529 -1.00     8
    3   -0.081   -0.098   -0.270  0.151  1.00  +31.513   +0.532 -1.00     8
    4   -0.580   -0.599   -0.721  0.151  1.00  +31.520   +0.534 -1.00     8
    5   -0.661   -0.671   -0.665  0.153  1.00  +31.466   +0.536 -1.00     8
    6   -0.622   -0.634   -0.590  0.156  1.00  +31.474   +0.539 -1.00     8
    7   -0.899   -0.908   -0.814  0.157  1.00  +31.486   +0.541 -1.00     8
    8   -0.761   -0.781   -0.396  0.168  1.00  +31.493   +0.543 -1.00     8
    9   -0.268   -0.277   -0.261  0.172  1.00  +31.504   +0.545 -1.00     8
   10   -0.296   -0.300   -0.292  0.160  1.00  +31.521   +0.548 -1.00     8
   11   -0.304   -0.313   -0.361  0.160  1.00  +31.545   +0.550 -1.00     8
   12   -0.408   -0.416   -0.379  0.164  1.00  +31.578   +0.552 -1.00     8
   13   -0.103   -0.110   -0.147  0.162  1.00  +31.643   +0.554 -1.00     8
   14   -0.514   -0.522   -0.506  0.168  1.00  +31.711   +0.557 -1.00     8
   15   -0.784   -0.793   -0.540  0.162  1.00  +31.723   +0.558 -1.00     7
   16   -0.109   -0.122   -0.044  0.167  1.00  +31.751   +0.564 -1.00     6
   17   -0.106   -0.136   -0.163  0.177  1.00  +31.663   +0.558 -1.00     4
   18   +0.133   +0.117   +0.067  0.165  1.00  +31.696   +0.560 -1.00     4
   19   +0.192   +0.177   +0.127  0.176  1.00  +31.722   +0.562 -1.00     4

sel_w32 G=24 seed=8 POOL8 control, KNOWN cues:
    k     gain     1stB  vote vc   gate   inT  w(cell)   u(cue)    rb     n
    0   +1.190   +1.173   +1.245  0.142  1.00  +32.535   +0.524 -1.00     8
    1   +1.219   +1.185   +1.145  0.149  1.00  +32.861   +0.527 -1.00     8
    2   +1.252   +1.227   +1.176  0.150  1.00  +32.972   +0.529 -1.00     8
    3   +1.239   +1.216   +1.177  0.147  1.00  +33.319   +0.532 -1.00     8
    4   +1.276   +1.246   +1.502  0.149  1.00  +33.623   +0.534 -1.00     8
    5   +1.179   +1.145   +1.215  0.150  1.00  +33.955   +0.536 -1.00     8
    6   +1.330   +1.319   +1.360  0.148  1.00  +34.070   +0.539 -1.00     8
    7   +1.307   +1.280   +1.356  0.155  1.00  +34.458   +0.541 -1.00     8
    8   +1.424   +1.403   +1.336  0.155  1.00  +34.729   +0.543 -1.00     8
    9   +1.347   +1.319   +1.579  0.152  1.00  +34.925   +0.545 -1.00     8
   10   +1.336   +1.309   +1.386  0.160  1.00  +35.324   +0.548 -1.00     8
   11   +1.360   +1.333   +1.288  0.153  1.00  +35.511   +0.550 -1.00     8
   12   +1.427   +1.392   +2.130  0.157  1.00  +35.736   +0.552 -1.00     8
   13   +1.329   +1.315   +1.335  0.155  1.00  +35.851   +0.554 -1.00     8
   14   +1.393   +1.379   +1.497  0.163  1.00  +36.128   +0.557 -1.00     8
   15   +1.417   +1.388   +1.470  0.152  1.00  +36.444   +0.559 -1.00     8
   16   +1.583   +1.538   +1.476  0.161  1.00  +36.670   +0.561 -1.00     8
   17   +1.526   +1.496   +1.510  0.147  1.00  +37.225   +0.563 -1.00     8
   18   +1.409   +1.381   +1.458  0.154  1.00  +37.464   +0.566 -1.00     8
   19   +1.474   +1.438   +1.601  0.152  1.00  +37.720   +0.568 -1.00     8

selmix_w32 G=24 seed=7 POOL16, NEW cues (pooled over the 8 new cues):
    k     gain     1stB  vote vc   gate   inT  w(cell)   u(cue)    rb     n
    0   -4.015   +6.296   +3.382  0.045  0.00  +29.136   +0.000 -1.00     8
    1   +2.819   +5.005   +4.859  0.044  0.00  +28.925   +0.000 -1.00     8
    2   +3.806   +4.038   +4.679  0.044  0.00  +28.992   +0.000 -1.00     8
    3   +3.637   +4.222   +4.144  0.041  0.00  +28.964   +0.000 -1.00     8
    4   +2.722   +3.297   +4.006  0.047  0.00  +28.881   +0.000 -1.00     8
    5   +4.343   +3.847   +3.904  0.045  0.00  +28.882   +0.000 -1.00     8
    6   +2.944   +3.067   +3.880  0.046  0.00  +28.888   +0.000 -1.00     8
    7   +3.789   +3.357   +3.241  0.047  0.00  +28.905   +0.000 -1.00     8
    8   +3.145   +2.907   +3.226  0.046  0.00  +28.924   +0.000 -1.00     8
    9   +3.267   +2.794   +2.980  0.046  0.00  +28.948   +0.000 -1.00     8
   10   +3.321   +2.818   +3.117  0.046  0.00  +28.967   +0.000 -1.00     8
   11   +3.062   +2.644   +2.729  0.048  0.00  +29.044   +0.000 -1.00     8
   12   +2.500   +1.919   +1.807  0.047  0.00  +29.019   +0.000 -1.00     7
   13   +3.249   +2.397   +2.350  0.045  0.00  +29.077   +0.000 -1.00     7
   14   +2.911   +2.309   +2.625  0.046  0.00  +29.040   +0.000 -1.00     6
   15   +2.775   +2.281   +2.461  0.042  0.00  +29.066   +0.000 -1.00     6
   16   +2.600   +2.163   +2.414  0.045  0.00  +29.105   +0.000 -1.00     6
   17   +2.446   +2.041   +2.199  0.043  0.00  +29.174   +0.000 -1.00     6
   18   +2.333   +1.848   +1.880  0.051  0.00  +29.183   +0.000 -1.00     5
   19   +2.423   +1.754   +1.898  0.047  0.00  +29.185   +0.000 -1.00     4

selmix_w32 G=24 seed=7 POOL16, KNOWN cues:
    k     gain     1stB  vote vc   gate   inT  w(cell)   u(cue)    rb     n
    0   -0.657   -0.666   -0.524  0.047  0.00  +28.968   +0.000 -1.00     8
    1   -0.363   -0.373   -0.350  0.042  0.00  +28.993   +0.000 -1.00     8
    2   -0.217   -0.225   -0.168  0.045  0.00  +29.028   +0.000 -1.00     8
    3   -0.418   -0.430   -0.417  0.046  0.00  +28.961   +0.000 -1.00     8
    4   -0.471   -0.478   -0.443  0.047  0.00  +28.892   +0.000 -1.00     8
    5   -0.606   -0.615   -0.635  0.044  0.00  +28.882   +0.000 -1.00     8
    6   -0.403   -0.409   -0.443  0.044  0.00  +28.891   +0.000 -1.00     8
    7   -0.624   -0.639   -0.470  0.044  0.00  +28.894   +0.000 -1.00     8
    8   -0.670   -0.685   -0.571  0.047  0.00  +28.897   +0.000 -1.00     8
    9   -0.626   -0.641   -0.650  0.045  0.00  +28.913   +0.000 -1.00     8
   10   -0.507   -0.519   -0.528  0.047  0.00  +28.935   +0.000 -1.00     8
   11   -0.695   -0.713   -0.549  0.048  0.00  +28.952   +0.000 -1.00     8
   12   -0.502   -0.516   -0.407  0.045  0.00  +29.007   +0.000 -1.00     8
   13   -0.655   -0.662   -0.519  0.042  0.00  +29.084   +0.000 -1.00     8
   14   -0.807   -0.823   -0.671  0.047  0.00  +29.141   +0.000 -1.00     8
   15   -0.423   -0.429   -0.288  0.043  0.00  +29.190   +0.000 -1.00     8
   16   -0.286   -0.292   -0.270  0.045  0.00  +29.219   +0.000 -1.00     7
   17   -0.425   -0.441   -0.494  0.049  0.00  +29.263   +0.000 -1.00     6
   18   -0.585   -0.596   -0.479  0.045  0.00  +29.267   +0.000 -1.00     5
   19   -0.246   -0.251   -0.467  0.043  0.00  +29.274   +0.000 -1.00     4

selmix_w32 G=24 seed=7 POOL8 control, KNOWN cues:
    k     gain     1stB  vote vc   gate   inT  w(cell)   u(cue)    rb     n
    0   -0.016   -0.028   +0.003  0.048  0.00  +29.016   +0.000 -1.00     8
    1   +0.088   +0.071   +0.036  0.045  0.00  +29.399   +0.000 -1.00     8
    2   +0.020   +0.013   +0.044  0.045  0.00  +29.660   +0.000 -1.00     8
    3   -0.017   -0.024   +0.003  0.042  0.00  +29.913   +0.000 -1.00     8
    4   -0.133   -0.165   -0.125  0.044  0.00  +30.109   +0.000 -1.00     8
    5   +0.059   +0.047   -0.043  0.042  0.00  +30.460   +0.000 -1.00     8
    6   -0.097   -0.121   -0.055  0.042  0.00  +30.715   +0.000 -1.00     8
    7   +0.092   +0.067   +0.012  0.050  0.00  +31.072   +0.000 -1.00     8
    8   -0.021   -0.049   -0.044  0.048  0.00  +31.381   +0.000 -1.00     8
    9   +0.047   +0.028   -0.002  0.044  0.00  +31.580   +0.000 -1.00     8
   10   -0.069   -0.090   +0.037  0.044  0.00  +31.809   +0.000 -1.00     8
   11   -0.002   -0.017   +0.066  0.043  0.00  +31.990   +0.000 -1.00     8
   12   -0.023   -0.064   +0.062  0.044  0.00  +32.185   +0.000 -1.00     8
   13   +0.083   +0.051   -0.008  0.046  0.00  +32.406   +0.000 -1.00     8
   14   +0.034   +0.016   +0.042  0.043  0.00  +32.711   +0.000 -1.00     8
   15   -0.284   -0.306   -0.110  0.048  0.00  +33.156   +0.000 -1.00     8
   16   +0.004   -0.032   -0.033  0.046  0.00  +33.334   +0.000 -1.00     8
   17   -0.107   -0.140   -0.119  0.046  0.00  +33.546   +0.000 -1.00     8
   18   +0.079   +0.054   -0.051  0.046  0.00  +33.895   +0.000 -1.00     8
   19   -0.075   -0.115   -0.124  0.048  0.00  +34.329   +0.000 -1.00     8

selmix_w32 G=24 seed=8 POOL16, NEW cues (pooled over the 8 new cues):
    k     gain     1stB  vote vc   gate   inT  w(cell)   u(cue)    rb     n
    0   -1.867   +6.788   +4.416  0.045  0.00  +32.030   +0.000 -1.00     8
    1   +3.978   +4.455   +4.342  0.045  0.00  +31.589   +0.000 -1.00     8
    2   +4.410   +4.651   +4.652  0.045  0.00  +31.393   +0.000 -1.00     8
    3   +1.410   +4.124   +4.387  0.046  0.00  +31.330   +0.000 -1.00     8
    4   +1.183   +3.711   +4.218  0.044  0.00  +31.336   +0.000 -1.00     8
    5   +0.970   +3.099   +3.819  0.045  0.00  +31.338   +0.000 -1.00     8
    6   +0.515   +3.234   +3.520  0.048  0.00  +31.345   +0.000 -1.00     8
    7   +0.604   +2.657   +3.104  0.046  0.00  +31.352   +0.000 -1.00     8
    8   +0.338   +2.559   +2.952  0.044  0.00  +31.360   +0.000 -1.00     8
    9   +1.397   +2.919   +3.192  0.044  0.00  +31.372   +0.000 -1.00     8
   10   +0.885   +2.739   +3.036  0.046  0.00  +31.362   +0.000 -1.00     7
   11   +1.077   +2.669   +2.898  0.044  0.00  +31.371   +0.000 -1.00     7
   12   +0.929   +2.404   +2.452  0.046  0.00  +31.380   +0.000 -1.00     7
   13   +0.808   +2.520   +2.247  0.047  0.00  +31.388   +0.000 -1.00     7
   14   +1.153   +2.424   +2.197  0.044  0.00  +31.401   +0.000 -1.00     7
   15   +0.621   +2.154   +2.384  0.044  0.00  +31.397   +0.000 -1.00     6
   16   +0.328   +2.108   +2.196  0.044  0.00  +31.405   +0.000 -1.00     6
   17   +1.204   +2.182   +2.252  0.043  0.00  +31.416   +0.000 -1.00     6
   18   +1.177   +1.863   +1.560  0.049  0.00  +31.435   +0.000 -1.00     6
   19   +0.905   +1.897   +1.730  0.042  0.00  +31.470   +0.000 -1.00     5

selmix_w32 G=24 seed=8 POOL16, KNOWN cues:
    k     gain     1stB  vote vc   gate   inT  w(cell)   u(cue)    rb     n
    0   -0.226   -0.252   -0.317  0.044  0.00  +31.866   +0.000 -1.00     8
    1   -0.664   -0.689   -0.711  0.046  0.00  +31.644   +0.000 -1.00     8
    2   -0.475   -0.485   -0.556  0.044  0.00  +31.455   +0.000 -1.00     8
    3   -0.511   -0.528   -0.623  0.046  0.00  +31.394   +0.000 -1.00     8
    4   -0.801   -0.821   -0.747  0.045  0.00  +31.397   +0.000 -1.00     8
    5   -0.626   -0.636   -0.714  0.046  0.00  +31.334   +0.000 -1.00     8
    6   -0.553   -0.564   -0.548  0.046  0.00  +31.336   +0.000 -1.00     8
    7   -0.726   -0.735   -0.610  0.046  0.00  +31.341   +0.000 -1.00     8
    8   -0.788   -0.808   -0.699  0.048  0.00  +31.344   +0.000 -1.00     8
    9   -0.383   -0.392   -0.350  0.049  0.00  +31.348   +0.000 -1.00     8
   10   -0.382   -0.386   -0.350  0.046  0.00  +31.355   +0.000 -1.00     8
   11   -0.363   -0.373   -0.432  0.046  0.00  +31.364   +0.000 -1.00     8
   12   -0.601   -0.608   -0.482  0.045  0.00  +31.377   +0.000 -1.00     8
   13   -0.350   -0.357   -0.316  0.046  0.00  +31.402   +0.000 -1.00     8
   14   -0.781   -0.788   -0.706  0.047  0.00  +31.429   +0.000 -1.00     8
   15   -1.097   -1.107   -0.896  0.044  0.00  +31.435   +0.000 -1.00     7
   16   -0.302   -0.315   -0.197  0.045  0.00  +31.446   +0.000 -1.00     6
   17   -0.087   -0.117   -0.220  0.049  0.00  +31.410   +0.000 -1.00     4
   18   -0.019   -0.035   -0.066  0.045  0.00  +31.423   +0.000 -1.00     4
   19   -0.322   -0.337   -0.070  0.048  0.00  +31.434   +0.000 -1.00     4

selmix_w32 G=24 seed=8 POOL8 control, KNOWN cues:
    k     gain     1stB  vote vc   gate   inT  w(cell)   u(cue)    rb     n
    0   -0.036   -0.052   -0.010  0.043  0.00  +32.446   +0.000 -1.00     8
    1   +0.013   -0.021   -0.041  0.046  0.00  +32.772   +0.000 -1.00     8
    2   +0.008   -0.017   -0.061  0.046  0.00  +32.883   +0.000 -1.00     8
    3   +0.071   +0.048   -0.030  0.046  0.00  +33.230   +0.000 -1.00     8
    4   -0.018   -0.048   -0.133  0.046  0.00  +33.533   +0.000 -1.00     8
    5   -0.056   -0.090   -0.099  0.045  0.00  +33.865   +0.000 -1.00     8
    6   -0.032   -0.043   +0.010  0.044  0.00  +33.980   +0.000 -1.00     8
    7   +0.013   -0.014   -0.019  0.047  0.00  +34.367   +0.000 -1.00     8
    8   +0.044   +0.022   -0.049  0.047  0.00  +34.638   +0.000 -1.00     8
    9   -0.006   -0.034   -0.032  0.045  0.00  +34.833   +0.000 -1.00     8
   10   +0.020   -0.009   +0.058  0.048  0.00  +35.231   +0.000 -1.00     8
   11   +0.218   +0.191   +0.080  0.045  0.00  +35.418   +0.000 -1.00     8
   12   -0.003   -0.038   +0.098  0.046  0.00  +35.643   +0.000 -1.00     8
   13   +0.083   +0.069   +0.155  0.045  0.00  +35.758   +0.000 -1.00     8
   14   +0.045   +0.031   +0.097  0.048  0.00  +36.034   +0.000 -1.00     8
   15   -0.116   -0.145   -0.030  0.044  0.00  +36.348   +0.000 -1.00     8
   16   +0.117   +0.073   -0.011  0.047  0.00  +36.574   +0.000 -1.00     8
   17   +0.036   +0.007   +0.009  0.042  0.00  +37.127   +0.000 -1.00     8
   18   +0.021   -0.008   -0.003  0.044  0.00  +37.365   +0.000 -1.00     8
   19   -0.156   -0.191   -0.113  0.044  0.00  +37.620   +0.000 -1.00     8

selisn_w32 G=24 seed=7 POOL16, NEW cues (pooled over the 8 new cues):
    k     gain     1stB  vote vc   gate   inT  w(cell)   u(cue)    rb     n
    0   -4.592   +1.270   -2.059  0.045  0.00   +0.000   +0.000 -1.00     8
    1   -0.861   +0.175   -0.369  0.044  0.00   +0.000   +0.000 -1.00     8
    2   +2.276   +1.412   +1.211  0.044  0.00   +0.000   +0.000 -1.00     8
    3   +2.163   +1.461   +0.921  0.041  0.00   +0.000   +0.000 -1.00     8
    4   +2.458   +1.981   +1.856  0.047  0.00   +0.000   +0.000 -1.00     8
    5   +2.960   +2.323   +1.611  0.045  0.00   +0.000   +0.000 -1.00     8
    6   +2.069   +1.678   +1.467  0.046  0.00   +0.000   +0.000 -1.00     8
    7   +2.910   +2.313   +1.747  0.047  0.00   +0.000   +0.000 -1.00     8
    8   +2.810   +2.184   +2.089  0.046  0.00   +0.000   +0.000 -1.00     8
    9   +2.834   +2.077   +1.781  0.046  0.00   +0.000   +0.000 -1.00     8
   10   +2.847   +2.102   +1.742  0.046  0.00   +0.000   +0.000 -1.00     8
   11   +2.821   +2.278   +2.061  0.048  0.00   +0.000   +0.000 -1.00     8
   12   +2.700   +1.926   +1.278  0.047  0.00   +0.000   +0.000 -1.00     7
   13   +2.717   +1.740   +1.170  0.045  0.00   +0.000   +0.000 -1.00     7
   14   +3.045   +2.434   +2.253  0.046  0.00   +0.000   +0.000 -1.00     6
   15   +2.762   +2.239   +2.019  0.042  0.00   +0.000   +0.000 -1.00     6
   16   +2.459   +1.837   +1.837  0.045  0.00   +0.000   +0.000 -1.00     6
   17   +2.266   +1.783   +1.393  0.043  0.00   +0.000   +0.000 -1.00     6
   18   +1.980   +1.471   +1.316  0.051  0.00   +0.000   +0.000 -1.00     5
   19   +1.460   +0.989   +1.077  0.047  0.00   +0.000   +0.000 -1.00     4

selisn_w32 G=24 seed=7 POOL16, KNOWN cues:
    k     gain     1stB  vote vc   gate   inT  w(cell)   u(cue)    rb     n
    0   +0.031   +0.021   +0.035  0.047  0.00   +0.000   +0.000 -1.00     8
    1   -0.268   -0.277   -0.064  0.042  0.00   +0.000   +0.000 -1.00     8
    2   -0.216   -0.226   -0.081  0.045  0.00   +0.000   +0.000 -1.00     8
    3   -0.060   -0.072   -0.116  0.046  0.00   +0.000   +0.000 -1.00     8
    4   -0.163   -0.170   -0.160  0.047  0.00   +0.000   +0.000 -1.00     8
    5   -0.032   -0.041   -0.143  0.044  0.00   +0.000   +0.000 -1.00     8
    6   -0.093   -0.099   -0.067  0.044  0.00   +0.000   +0.000 -1.00     8
    7   -0.351   -0.367   -0.238  0.044  0.00   +0.000   +0.000 -1.00     8
    8   -0.262   -0.278   -0.126  0.047  0.00   +0.000   +0.000 -1.00     8
    9   -0.323   -0.338   -0.288  0.045  0.00   +0.000   +0.000 -1.00     8
   10   -0.232   -0.244   -0.215  0.047  0.00   +0.000   +0.000 -1.00     8
   11   -0.571   -0.589   -0.424  0.048  0.00   +0.000   +0.000 -1.00     8
   12   -0.418   -0.433   -0.379  0.045  0.00   +0.000   +0.000 -1.00     8
   13   -0.594   -0.602   -0.436  0.042  0.00   +0.000   +0.000 -1.00     8
   14   -0.999   -1.014   -0.568  0.047  0.00   +0.000   +0.000 -1.00     8
   15   -0.380   -0.386   -0.252  0.043  0.00   +0.000   +0.000 -1.00     8
   16   -0.236   -0.242   -0.228  0.045  0.00   +0.000   +0.000 -1.00     7
   17   -0.146   -0.166   -0.309  0.049  0.00   +0.000   +0.000 -1.00     6
   18   -0.491   -0.502   -0.448  0.045  0.00   +0.000   +0.000 -1.00     5
   19   -0.252   -0.258   -0.406  0.043  0.00   +0.000   +0.000 -1.00     4

selisn_w32 G=24 seed=7 POOL8 control, KNOWN cues:
    k     gain     1stB  vote vc   gate   inT  w(cell)   u(cue)    rb     n
    0   +0.144   +0.131   +0.060  0.048  0.00   +0.000   +0.000 -1.00     8
    1   +0.222   +0.206   +0.167  0.045  0.00   +0.000   +0.000 -1.00     8
    2   +0.028   +0.021   +0.058  0.045  0.00   +0.000   +0.000 -1.00     8
    3   -0.115   -0.122   -0.063  0.042  0.00   +0.000   +0.000 -1.00     8
    4   -0.164   -0.196   -0.160  0.044  0.00   +0.000   +0.000 -1.00     8
    5   +0.041   +0.029   -0.018  0.042  0.00   +0.000   +0.000 -1.00     8
    6   -0.155   -0.179   -0.122  0.042  0.00   +0.000   +0.000 -1.00     8
    7   -0.077   -0.101   -0.010  0.050  0.00   +0.000   +0.000 -1.00     8
    8   -0.242   -0.271   -0.130  0.048  0.00   +0.000   +0.000 -1.00     8
    9   +0.181   +0.162   +0.082  0.044  0.00   +0.000   +0.000 -1.00     8
   10   -0.031   -0.052   -0.010  0.044  0.00   +0.000   +0.000 -1.00     8
   11   -0.151   -0.166   -0.083  0.043  0.00   +0.000   +0.000 -1.00     8
   12   +0.017   -0.024   +0.056  0.044  0.00   +0.000   +0.000 -1.00     8
   13   +0.068   +0.037   +0.015  0.046  0.00   +0.000   +0.000 -1.00     8
   14   +0.075   +0.057   +0.063  0.043  0.00   +0.000   +0.000 -1.00     8
   15   -0.046   -0.068   +0.028  0.048  0.00   +0.000   +0.000 -1.00     8
   16   +0.022   -0.013   +0.021  0.046  0.00   +0.000   +0.000 -1.00     8
   17   -0.067   -0.100   -0.026  0.046  0.00   +0.000   +0.000 -1.00     8
   18   +0.097   +0.072   +0.014  0.046  0.00   +0.000   +0.000 -1.00     8
   19   -0.038   -0.078   +0.040  0.048  0.00   +0.000   +0.000 -1.00     8

selisn_w32 G=24 seed=8 POOL16, NEW cues (pooled over the 8 new cues):
    k     gain     1stB  vote vc   gate   inT  w(cell)   u(cue)    rb     n
    0   -3.863   +1.320   -2.049  0.045  0.00   +0.000   +0.000 -1.00     8
    1   -1.036   -0.031   -0.648  0.045  0.00   +0.000   +0.000 -1.00     8
    2   +1.508   +1.052   +0.675  0.045  0.00   +0.000   +0.000 -1.00     8
    3   +2.225   +1.091   +0.974  0.046  0.00   +0.000   +0.000 -1.00     8
    4   +2.327   +1.560   +1.613  0.044  0.00   +0.000   +0.000 -1.00     8
    5   +2.049   +0.917   +0.982  0.045  0.00   +0.000   +0.000 -1.00     8
    6   +1.797   +1.170   +1.150  0.048  0.00   +0.000   +0.000 -1.00     8
    7   +3.053   +2.006   +1.974  0.046  0.00   +0.000   +0.000 -1.00     8
    8   +2.262   +1.641   +1.344  0.044  0.00   +0.000   +0.000 -1.00     8
    9   +2.800   +1.908   +1.900  0.044  0.00   +0.000   +0.000 -1.00     8
   10   +2.265   +1.543   +1.418  0.046  0.00   +0.000   +0.000 -1.00     7
   11   +2.712   +2.195   +2.005  0.044  0.00   +0.000   +0.000 -1.00     7
   12   +1.851   +1.385   +1.220  0.046  0.00   +0.000   +0.000 -1.00     7
   13   +2.926   +2.426   +1.954  0.047  0.00   +0.000   +0.000 -1.00     7
   14   +2.229   +1.549   +1.311  0.044  0.00   +0.000   +0.000 -1.00     7
   15   +1.887   +1.792   +1.512  0.044  0.00   +0.000   +0.000 -1.00     6
   16   +1.767   +1.652   +1.483  0.044  0.00   +0.000   +0.000 -1.00     6
   17   +2.094   +1.789   +1.485  0.043  0.00   +0.000   +0.000 -1.00     6
   18   +2.296   +1.769   +1.421  0.049  0.00   +0.000   +0.000 -1.00     6
   19   +1.945   +1.862   +1.660  0.042  0.00   +0.000   +0.000 -1.00     5

selisn_w32 G=24 seed=8 POOL16, KNOWN cues:
    k     gain     1stB  vote vc   gate   inT  w(cell)   u(cue)    rb     n
    0   +0.151   +0.124   +0.022  0.044  0.00   +0.000   +0.000 -1.00     8
    1   -0.020   -0.046   -0.044  0.046  0.00   +0.000   +0.000 -1.00     8
    2   -0.041   -0.051   -0.042  0.044  0.00   +0.000   +0.000 -1.00     8
    3   -0.082   -0.099   -0.089  0.046  0.00   +0.000   +0.000 -1.00     8
    4   -0.322   -0.342   -0.203  0.045  0.00   +0.000   +0.000 -1.00     8
    5   -0.146   -0.155   -0.141  0.046  0.00   +0.000   +0.000 -1.00     8
    6   -0.327   -0.338   -0.312  0.046  0.00   +0.000   +0.000 -1.00     8
    7   -0.353   -0.362   -0.232  0.046  0.00   +0.000   +0.000 -1.00     8
    8   -0.114   -0.135   +0.025  0.048  0.00   +0.000   +0.000 -1.00     8
    9   -0.046   -0.050   -0.035  0.049  0.00   +0.000   +0.000 -1.00     8
   10   +0.082   +0.078   +0.030  0.046  0.00   +0.000   +0.000 -1.00     8
   11   -0.235   -0.245   -0.262  0.046  0.00   +0.000   +0.000 -1.00     8
   12   -0.242   -0.249   -0.027  0.045  0.00   +0.000   +0.000 -1.00     8
   13   -0.236   -0.244   -0.188  0.046  0.00   +0.000   +0.000 -1.00     8
   14   -0.444   -0.451   -0.384  0.047  0.00   +0.000   +0.000 -1.00     8
   15   -0.692   -0.701   -0.357  0.044  0.00   +0.000   +0.000 -1.00     7
   16   -0.208   -0.222   -0.090  0.045  0.00   +0.000   +0.000 -1.00     6
   17   +0.181   +0.152   -0.027  0.049  0.00   +0.000   +0.000 -1.00     4
   18   +0.040   +0.023   -0.146  0.045  0.00   +0.000   +0.000 -1.00     4
   19   -0.239   -0.254   -0.105  0.048  0.00   +0.000   +0.000 -1.00     4

selisn_w32 G=24 seed=8 POOL8 control, KNOWN cues:
    k     gain     1stB  vote vc   gate   inT  w(cell)   u(cue)    rb     n
    0   +0.008   -0.009   +0.066  0.043  0.00   +0.000   +0.000 -1.00     8
    1   +0.149   +0.114   +0.036  0.046  0.00   +0.000   +0.000 -1.00     8
    2   +0.079   +0.054   +0.010  0.046  0.00   +0.000   +0.000 -1.00     8
    3   +0.120   +0.097   +0.051  0.046  0.00   +0.000   +0.000 -1.00     8
    4   -0.097   -0.127   +0.057  0.046  0.00   +0.000   +0.000 -1.00     8
    5   +0.149   +0.115   +0.123  0.045  0.00   +0.000   +0.000 -1.00     8
    6   -0.029   -0.040   +0.164  0.044  0.00   +0.000   +0.000 -1.00     8
    7   +0.075   +0.048   +0.105  0.047  0.00   +0.000   +0.000 -1.00     8
    8   +0.075   +0.054   +0.127  0.047  0.00   +0.000   +0.000 -1.00     8
    9   +0.005   -0.023   +0.055  0.045  0.00   +0.000   +0.000 -1.00     8
   10   +0.013   -0.016   +0.061  0.048  0.00   +0.000   +0.000 -1.00     8
   11   +0.120   +0.092   +0.031  0.045  0.00   +0.000   +0.000 -1.00     8
   12   +0.160   +0.125   +0.587  0.046  0.00   +0.000   +0.000 -1.00     8
   13   -0.042   -0.055   +0.113  0.045  0.00   +0.000   +0.000 -1.00     8
   14   -0.053   -0.067   +0.035  0.048  0.00   +0.000   +0.000 -1.00     8
   15   -0.003   -0.032   +0.029  0.044  0.00   +0.000   +0.000 -1.00     8
   16   +0.055   +0.006   -0.138  0.047  0.00   +0.000   +0.000 -1.00     8
   17   -0.041   -0.071   -0.076  0.042  0.00   +0.000   +0.000 -1.00     8
   18   +0.058   +0.029   +0.043  0.044  0.00   +0.000   +0.000 -1.00     8
   19   +0.081   +0.046   +0.115  0.044  0.00   +0.000   +0.000 -1.00     8

seliso_w32 G=24 seed=7 POOL16, NEW cues (pooled over the 8 new cues):
    k     gain     1stB  vote vc   gate   inT  w(cell)   u(cue)    rb     n
    0  -14.537   -2.639   -6.655  0.045  0.00   +0.000   +0.000 -1.00     8
    1   -3.216   -0.025   -0.628  0.044  0.00   +0.000   +0.000 -1.00     8
    2   +2.454   +2.653   +2.920  0.044  0.00   +0.000   +0.000 -1.00     8
    3   +2.331   +3.098   +2.654  0.041  0.00   +0.000   +0.000 -1.00     8
    4   +4.269   +4.276   +4.267  0.047  0.00   +0.000   +0.000 -1.00     8
    5   +4.304   +4.118   +3.691  0.045  0.00   +0.000   +0.000 -1.00     8
    6   +3.118   +3.042   +3.058  0.046  0.00   +0.000   +0.000 -1.00     8
    7   +4.112   +3.778   +3.322  0.047  0.00   +0.000   +0.000 -1.00     8
    8   +4.611   +3.645   +3.560  0.046  0.00   +0.000   +0.000 -1.00     8
    9   +3.376   +2.796   +2.684  0.046  0.00   +0.000   +0.000 -1.00     8
   10   +3.234   +2.953   +2.819  0.046  0.00   +0.000   +0.000 -1.00     8
   11   +2.560   +3.016   +3.081  0.048  0.00   +0.000   +0.000 -1.00     8
   12   +3.468   +2.601   +2.095  0.047  0.00   +0.000   +0.000 -1.00     7
   13   +2.792   +1.817   +1.503  0.045  0.00   +0.000   +0.000 -1.00     7
   14   +3.270   +2.888   +2.883  0.046  0.00   +0.000   +0.000 -1.00     6
   15   +3.618   +3.088   +3.109  0.042  0.00   +0.000   +0.000 -1.00     6
   16   +3.079   +2.416   +2.423  0.045  0.00   +0.000   +0.000 -1.00     6
   17   +2.985   +2.457   +2.276  0.043  0.00   +0.000   +0.000 -1.00     6
   18   +2.491   +1.880   +1.772  0.051  0.00   +0.000   +0.000 -1.00     5
   19   +0.457   +1.293   +1.393  0.047  0.00   +0.000   +0.000 -1.00     4

seliso_w32 G=24 seed=7 POOL16, KNOWN cues:
    k     gain     1stB  vote vc   gate   inT  w(cell)   u(cue)    rb     n
    0   -0.125   -0.136   -0.108  0.047  0.00   +0.000   +0.000 -1.00     8
    1   -0.433   -0.443   -0.296  0.042  0.00   +0.000   +0.000 -1.00     8
    2   -0.376   -0.385   -0.193  0.045  0.00   +0.000   +0.000 -1.00     8
    3   -0.207   -0.220   -0.330  0.046  0.00   +0.000   +0.000 -1.00     8
    4   -0.885   -0.893   -0.811  0.047  0.00   +0.000   +0.000 -1.00     8
    5   -0.606   -0.615   -0.682  0.044  0.00   +0.000   +0.000 -1.00     8
    6   -0.212   -0.218   -0.304  0.044  0.00   +0.000   +0.000 -1.00     8
    7   -0.865   -0.880   -0.716  0.044  0.00   +0.000   +0.000 -1.00     8
    8   -0.926   -0.920   -0.767  0.047  0.00   +0.000   +0.000 -1.00     8
    9   -0.868   -0.883   -0.874  0.045  0.00   +0.000   +0.000 -1.00     8
   10   -0.719   -0.730   -0.728  0.047  0.00   +0.000   +0.000 -1.00     8
   11   -0.925   -0.943   -0.732  0.048  0.00   +0.000   +0.000 -1.00     8
   12   -1.101   -1.116   -1.099  0.045  0.00   +0.000   +0.000 -1.00     8
   13   -1.629   -1.637   -1.477  0.042  0.00   +0.000   +0.000 -1.00     8
   14   -1.505   -1.403   -1.114  0.047  0.00   +0.000   +0.000 -1.00     8
   15   -0.497   -0.503   -0.402  0.043  0.00   +0.000   +0.000 -1.00     8
   16   -0.515   -0.521   -0.539  0.045  0.00   +0.000   +0.000 -1.00     7
   17   -0.781   -0.800   -0.930  0.049  0.00   +0.000   +0.000 -1.00     6
   18   -0.381   -0.393   -0.380  0.045  0.00   +0.000   +0.000 -1.00     5
   19   -0.943   -0.948   -1.064  0.043  0.00   +0.000   +0.000 -1.00     4

seliso_w32 G=24 seed=7 POOL8 control, KNOWN cues:
    k     gain     1stB  vote vc   gate   inT  w(cell)   u(cue)    rb     n
    0   +0.112   +0.099   +0.054  0.048  0.00   +0.000   +0.000 -1.00     8
    1   +0.150   +0.133   +0.133  0.045  0.00   +0.000   +0.000 -1.00     8
    2   +0.132   +0.125   +0.164  0.045  0.00   +0.000   +0.000 -1.00     8
    3   -0.208   -0.215   -0.172  0.042  0.00   +0.000   +0.000 -1.00     8
    4   -0.475   -0.508   -0.430  0.044  0.00   +0.000   +0.000 -1.00     8
    5   -0.031   -0.043   -0.158  0.042  0.00   +0.000   +0.000 -1.00     8
    6   -0.265   -0.289   -0.200  0.042  0.00   +0.000   +0.000 -1.00     8
    7   -0.167   -0.192   -0.091  0.050  0.00   +0.000   +0.000 -1.00     8
    8   -0.091   -0.120   -0.100  0.048  0.00   +0.000   +0.000 -1.00     8
    9   +0.134   +0.115   +0.033  0.044  0.00   +0.000   +0.000 -1.00     8
   10   +0.000   -0.020   -0.001  0.044  0.00   +0.000   +0.000 -1.00     8
   11   -0.337   -0.351   -0.232  0.043  0.00   +0.000   +0.000 -1.00     8
   12   -0.033   -0.074   +0.031  0.044  0.00   +0.000   +0.000 -1.00     8
   13   +0.106   +0.074   -0.007  0.046  0.00   +0.000   +0.000 -1.00     8
   14   +0.083   +0.065   +0.144  0.043  0.00   +0.000   +0.000 -1.00     8
   15   -0.071   -0.093   +0.067  0.048  0.00   +0.000   +0.000 -1.00     8
   16   -0.018   -0.054   +0.076  0.046  0.00   +0.000   +0.000 -1.00     8
   17   -0.113   -0.146   -0.077  0.046  0.00   +0.000   +0.000 -1.00     8
   18   +0.014   -0.011   -0.125  0.046  0.00   +0.000   +0.000 -1.00     8
   19   +0.039   -0.002   +0.129  0.048  0.00   +0.000   +0.000 -1.00     8

seliso_w32 G=24 seed=8 POOL16, NEW cues (pooled over the 8 new cues):
    k     gain     1stB  vote vc   gate   inT  w(cell)   u(cue)    rb     n
    0  -11.469   -2.544   -5.686  0.045  0.00   +0.000   +0.000 -1.00     8
    1   -2.646   +0.399   -0.359  0.045  0.00   +0.000   +0.000 -1.00     8
    2   +1.623   +1.694   +1.159  0.045  0.00   +0.000   +0.000 -1.00     8
    3   +4.145   +3.057   +3.079  0.046  0.00   +0.000   +0.000 -1.00     8
    4   +3.801   +3.349   +3.582  0.044  0.00   +0.000   +0.000 -1.00     8
    5   +2.946   +1.958   +2.285  0.045  0.00   +0.000   +0.000 -1.00     8
    6   +1.837   +1.163   +1.159  0.048  0.00   +0.000   +0.000 -1.00     8
    7   +3.987   +3.006   +3.136  0.046  0.00   +0.000   +0.000 -1.00     8
    8   +2.493   +2.223   +2.269  0.044  0.00   +0.000   +0.000 -1.00     8
    9   +3.622   +2.953   +2.921  0.044  0.00   +0.000   +0.000 -1.00     8
   10   +3.198   +2.437   +2.382  0.046  0.00   +0.000   +0.000 -1.00     7
   11   +3.815   +3.381   +2.977  0.044  0.00   +0.000   +0.000 -1.00     7
   12   +2.847   +2.442   +2.124  0.046  0.00   +0.000   +0.000 -1.00     7
   13   +2.881   +3.055   +2.714  0.047  0.00   +0.000   +0.000 -1.00     7
   14   +1.510   +1.647   +1.420  0.044  0.00   +0.000   +0.000 -1.00     7
   15   +0.353   +2.150   +2.120  0.044  0.00   +0.000   +0.000 -1.00     6
   16   +1.394   +2.257   +2.395  0.044  0.00   +0.000   +0.000 -1.00     6
   17   +3.051   +2.740   +2.675  0.043  0.00   +0.000   +0.000 -1.00     6
   18   +2.686   +2.164   +1.924  0.049  0.00   +0.000   +0.000 -1.00     6
   19   +1.713   +2.269   +2.154  0.042  0.00   +0.000   +0.000 -1.00     5

seliso_w32 G=24 seed=8 POOL16, KNOWN cues:
    k     gain     1stB  vote vc   gate   inT  w(cell)   u(cue)    rb     n
    0   +0.262   +0.235   +0.010  0.044  0.00   +0.000   +0.000 -1.00     8
    1   -0.999   -0.398   -0.543  0.046  0.00   +0.000   +0.000 -1.00     8
    2   -1.386   -1.397   -1.371  0.044  0.00   +0.000   +0.000 -1.00     8
    3   -0.876   -0.862   -0.857  0.046  0.00   +0.000   +0.000 -1.00     8
    4   -0.451   -0.349   -0.312  0.045  0.00   +0.000   +0.000 -1.00     8
    5   -0.765   -0.775   -0.754  0.046  0.00   +0.000   +0.000 -1.00     8
    6   -1.158   -1.170   -1.196  0.046  0.00   +0.000   +0.000 -1.00     8
    7   -1.141   -1.150   -1.075  0.046  0.00   +0.000   +0.000 -1.00     8
    8   -0.773   -0.792   -0.129  0.048  0.00   +0.000   +0.000 -1.00     8
    9   -1.700   -0.412   -0.388  0.049  0.00   +0.000   +0.000 -1.00     8
   10   -0.403   -0.407   -0.348  0.046  0.00   +0.000   +0.000 -1.00     8
   11   -0.647   -0.657   -0.652  0.046  0.00   +0.000   +0.000 -1.00     8
   12   -0.456   -0.463   -0.434  0.045  0.00   +0.000   +0.000 -1.00     8
   13   -0.658   -0.665   -0.607  0.046  0.00   +0.000   +0.000 -1.00     8
   14   -1.224   -1.231   -1.072  0.047  0.00   +0.000   +0.000 -1.00     8
   15   -1.450   -1.459   -1.083  0.044  0.00   +0.000   +0.000 -1.00     7
   16   -0.263   -0.276   -0.240  0.045  0.00   +0.000   +0.000 -1.00     6
   17   -0.381   -0.411   -0.582  0.049  0.00   +0.000   +0.000 -1.00     4
   18   +0.089   +0.072   -0.050  0.045  0.00   +0.000   +0.000 -1.00     4
   19   -0.410   -0.425   -0.277  0.048  0.00   +0.000   +0.000 -1.00     4

seliso_w32 G=24 seed=8 POOL8 control, KNOWN cues:
    k     gain     1stB  vote vc   gate   inT  w(cell)   u(cue)    rb     n
    0   +0.063   +0.047   +0.129  0.043  0.00   +0.000   +0.000 -1.00     8
    1   +0.166   +0.131   +0.044  0.046  0.00   +0.000   +0.000 -1.00     8
    2   -0.010   -0.036   -0.085  0.046  0.00   +0.000   +0.000 -1.00     8
    3   +0.165   +0.142   +0.098  0.046  0.00   +0.000   +0.000 -1.00     8
    4   -0.072   -0.103   +0.076  0.046  0.00   +0.000   +0.000 -1.00     8
    5   +0.132   +0.098   +0.137  0.045  0.00   +0.000   +0.000 -1.00     8
    6   +0.161   +0.150   +0.246  0.044  0.00   +0.000   +0.000 -1.00     8
    7   +0.065   +0.038   +0.109  0.047  0.00   +0.000   +0.000 -1.00     8
    8   +0.089   +0.068   +0.188  0.047  0.00   +0.000   +0.000 -1.00     8
    9   +0.004   -0.024   +0.021  0.045  0.00   +0.000   +0.000 -1.00     8
   10   +0.024   -0.005   +0.028  0.048  0.00   +0.000   +0.000 -1.00     8
   11   +0.114   +0.086   -0.034  0.045  0.00   +0.000   +0.000 -1.00     8
   12   +0.259   +0.223   +0.744  0.046  0.00   +0.000   +0.000 -1.00     8
   13   -0.036   -0.049   +0.151  0.045  0.00   +0.000   +0.000 -1.00     8
   14   -0.231   -0.245   -0.067  0.048  0.00   +0.000   +0.000 -1.00     8
   15   -0.078   -0.107   -0.043  0.044  0.00   +0.000   +0.000 -1.00     8
   16   -0.121   -0.171   -0.265  0.047  0.00   +0.000   +0.000 -1.00     8
   17   -0.152   -0.182   -0.191  0.042  0.00   +0.000   +0.000 -1.00     8
   18   +0.089   +0.060   +0.055  0.044  0.00   +0.000   +0.000 -1.00     8
   19   +0.025   -0.011   +0.101  0.044  0.00   +0.000   +0.000 -1.00     8

selhyb_w32 G=24 seed=7 POOL16, NEW cues (pooled over the 8 new cues):
    k     gain     1stB  vote vc   gate   inT  w(cell)   u(cue)    rb     n
    0  -38.612   -3.420   -6.323  0.045  0.00   +0.000   +0.000 -1.00     8
    1   -1.092   +4.882   +5.262  0.044  0.00   +0.000   +0.000 -1.00     8
    2   +0.748   +3.113   +5.011  0.044  0.00   +0.000   +0.000 -1.00     8
    3   +3.875   +4.462   +4.944  0.041  0.00   +0.000   +0.000 -1.00     8
    4   +2.491   +3.403   +4.673  0.047  0.00   +0.000   +0.000 -1.00     8
    5   +3.622   +4.431   +4.990  0.045  0.00   +0.000   +0.000 -1.00     8
    6   +1.576   +2.753   +4.177  0.046  0.00   +0.000   +0.000 -1.00     8
    7   +2.022   +3.141   +3.597  0.047  0.00   +0.000   +0.000 -1.00     8
    8   +1.456   +2.940   +3.740  0.046  0.00   +0.000   +0.000 -1.00     8
    9   +0.619   +2.190   +2.824  0.046  0.00   +0.000   +0.000 -1.00     8
   10   +0.728   +2.273   +2.625  0.046  0.00   +0.000   +0.000 -1.00     8
   11   +1.235   +2.898   +3.442  0.048  0.00   +0.000   +0.000 -1.00     8
   12   +0.035   +1.763   +1.405  0.047  0.00   +0.000   +0.000 -1.00     7
   13   -3.266   +1.433   +1.435  0.045  0.00   +0.000   +0.000 -1.00     7
   14   -1.969   +2.757   +3.147  0.046  0.00   +0.000   +0.000 -1.00     6
   15   +0.526   +3.282   +3.460  0.042  0.00   +0.000   +0.000 -1.00     6
   16   -1.732   +2.276   +2.514  0.045  0.00   +0.000   +0.000 -1.00     6
   17   -0.452   +2.340   +2.402  0.043  0.00   +0.000   +0.000 -1.00     6
   18   -1.301   +1.465   +1.638  0.051  0.00   +0.000   +0.000 -1.00     5
   19   -4.037   +0.628   +1.121  0.047  0.00   +0.000   +0.000 -1.00     4

selhyb_w32 G=24 seed=7 POOL16, KNOWN cues:
    k     gain     1stB  vote vc   gate   inT  w(cell)   u(cue)    rb     n
    0   -1.405   -1.415   -1.358  0.047  0.00   +0.000   +0.000 -1.00     8
    1   -0.511   -0.521   -0.423  0.042  0.00   +0.000   +0.000 -1.00     8
    2   -0.943   -0.952   -0.934  0.045  0.00   +0.000   +0.000 -1.00     8
    3   -1.635   -1.647   -1.711  0.046  0.00   +0.000   +0.000 -1.00     8
    4   -1.547   -1.555   -1.371  0.047  0.00   +0.000   +0.000 -1.00     8
    5   -1.901   -1.910   -1.923  0.044  0.00   +0.000   +0.000 -1.00     8
    6   -0.484   -0.490   -0.539  0.044  0.00   +0.000   +0.000 -1.00     8
    7   -1.115   -1.130   -0.968  0.044  0.00   +0.000   +0.000 -1.00     8
    8   -0.914   -0.929   -0.783  0.047  0.00   +0.000   +0.000 -1.00     8
    9   -0.781   -0.796   -0.828  0.045  0.00   +0.000   +0.000 -1.00     8
   10   -0.914   -0.926   -0.996  0.047  0.00   +0.000   +0.000 -1.00     8
   11   -1.129   -1.147   -0.988  0.048  0.00   +0.000   +0.000 -1.00     8
   12   -1.224   -1.239   -1.189  0.045  0.00   +0.000   +0.000 -1.00     8
   13   -1.431   -1.438   -1.235  0.042  0.00   +0.000   +0.000 -1.00     8
   14   -1.248   -1.264   -0.941  0.047  0.00   +0.000   +0.000 -1.00     8
   15   -0.217   -0.223   -0.118  0.043  0.00   +0.000   +0.000 -1.00     8
   16   -0.614   -0.621   -0.631  0.045  0.00   +0.000   +0.000 -1.00     7
   17   -0.990   -1.009   -1.179  0.049  0.00   +0.000   +0.000 -1.00     6
   18   -0.723   -0.734   -0.724  0.045  0.00   +0.000   +0.000 -1.00     5
   19   -0.735   -0.740   -0.850  0.043  0.00   +0.000   +0.000 -1.00     4

selhyb_w32 G=24 seed=7 POOL8 control, KNOWN cues:
    k     gain     1stB  vote vc   gate   inT  w(cell)   u(cue)    rb     n
    0   +0.035   +0.022   +0.048  0.048  0.00   +0.000   +0.000 -1.00     8
    1   +0.049   +0.033   +0.049  0.045  0.00   +0.000   +0.000 -1.00     8
    2   +0.144   +0.137   +0.145  0.045  0.00   +0.000   +0.000 -1.00     8
    3   -0.574   -0.581   -0.406  0.042  0.00   +0.000   +0.000 -1.00     8
    4   -0.707   -0.740   -0.696  0.044  0.00   +0.000   +0.000 -1.00     8
    5   -0.205   -0.217   -0.260  0.042  0.00   +0.000   +0.000 -1.00     8
    6   -0.276   -0.301   -0.254  0.042  0.00   +0.000   +0.000 -1.00     8
    7   -0.033   -0.058   +0.031  0.050  0.00   +0.000   +0.000 -1.00     8
    8   -0.224   -0.252   -0.204  0.048  0.00   +0.000   +0.000 -1.00     8
    9   +0.095   +0.076   +0.104  0.044  0.00   +0.000   +0.000 -1.00     8
   10   +0.073   +0.053   +0.129  0.044  0.00   +0.000   +0.000 -1.00     8
   11   -0.133   -0.148   -0.010  0.043  0.00   +0.000   +0.000 -1.00     8
   12   +0.173   +0.132   +0.252  0.044  0.00   +0.000   +0.000 -1.00     8
   13   +0.044   +0.012   +0.031  0.046  0.00   +0.000   +0.000 -1.00     8
   14   +0.083   +0.064   +0.149  0.043  0.00   +0.000   +0.000 -1.00     8
   15   -0.110   -0.133   +0.023  0.048  0.00   +0.000   +0.000 -1.00     8
   16   -0.078   -0.114   +0.265  0.046  0.00   +0.000   +0.000 -1.00     8
   17   -0.064   -0.097   -0.100  0.046  0.00   +0.000   +0.000 -1.00     8
   18   -0.174   -0.198   -0.273  0.046  0.00   +0.000   +0.000 -1.00     8
   19   +0.176   +0.135   +0.290  0.048  0.00   +0.000   +0.000 -1.00     8

selhyb_w32 G=24 seed=8 POOL16, NEW cues (pooled over the 8 new cues):
    k     gain     1stB  vote vc   gate   inT  w(cell)   u(cue)    rb     n
    0  -25.766   -2.633   -2.623  0.045  0.00   +0.000   +0.000 -1.00     8
    1   +2.571   +2.785   +3.458  0.045  0.00   +0.000   +0.000 -1.00     8
    2   +0.566   +2.220   +3.218  0.045  0.00   +0.000   +0.000 -1.00     8
    3   +2.934   +3.615   +4.574  0.046  0.00   +0.000   +0.000 -1.00     8
    4   +3.615   +4.060   +5.347  0.044  0.00   +0.000   +0.000 -1.00     8
    5   -1.206   +0.512   +1.829  0.045  0.00   +0.000   +0.000 -1.00     8
    6   +0.322   +1.418   +2.105  0.048  0.00   +0.000   +0.000 -1.00     8
    7   +0.997   +2.067   +2.810  0.046  0.00   +0.000   +0.000 -1.00     8
    8   +0.523   +1.678   +2.161  0.044  0.00   +0.000   +0.000 -1.00     8
    9   +1.714   +3.265   +3.803  0.044  0.00   +0.000   +0.000 -1.00     8
   10   -0.077   +1.901   +2.473  0.046  0.00   +0.000   +0.000 -1.00     7
   11   +0.680   +2.941   +3.275  0.044  0.00   +0.000   +0.000 -1.00     7
   12   -0.253   +1.918   +1.990  0.046  0.00   +0.000   +0.000 -1.00     7
   13   +0.687   +2.729   +2.520  0.047  0.00   +0.000   +0.000 -1.00     7
   14   -0.776   +1.210   +0.961  0.044  0.00   +0.000   +0.000 -1.00     7
   15   -1.141   +1.639   +1.745  0.044  0.00   +0.000   +0.000 -1.00     6
   16   -1.040   +1.756   +2.062  0.044  0.00   +0.000   +0.000 -1.00     6
   17   -0.721   +2.288   +2.546  0.043  0.00   +0.000   +0.000 -1.00     6
   18   -1.243   +1.507   +1.397  0.049  0.00   +0.000   +0.000 -1.00     6
   19   -1.815   +1.851   +1.852  0.042  0.00   +0.000   +0.000 -1.00     5

selhyb_w32 G=24 seed=8 POOL16, KNOWN cues:
    k     gain     1stB  vote vc   gate   inT  w(cell)   u(cue)    rb     n
    0   -0.851   -0.878   -0.956  0.044  0.00   +0.000   +0.000 -1.00     8
    1   -1.950   -1.976   -2.033  0.046  0.00   +0.000   +0.000 -1.00     8
    2   -1.551   -1.562   -1.549  0.044  0.00   +0.000   +0.000 -1.00     8
    3   -0.751   -0.768   -0.695  0.046  0.00   +0.000   +0.000 -1.00     8
    4   -0.690   -0.710   -0.693  0.045  0.00   +0.000   +0.000 -1.00     8
    5   -0.931   -0.941   -0.936  0.046  0.00   +0.000   +0.000 -1.00     8
    6   -1.054   -1.065   -1.146  0.046  0.00   +0.000   +0.000 -1.00     8
    7   -1.129   -1.138   -1.078  0.046  0.00   +0.000   +0.000 -1.00     8
    8   -1.072   -1.093   -1.049  0.048  0.00   +0.000   +0.000 -1.00     8
    9   -0.277   -0.286   -0.250  0.049  0.00   +0.000   +0.000 -1.00     8
   10   -0.434   -0.438   -0.399  0.046  0.00   +0.000   +0.000 -1.00     8
   11   -0.590   -0.600   -0.474  0.046  0.00   +0.000   +0.000 -1.00     8
   12   -0.756   -0.763   -0.629  0.045  0.00   +0.000   +0.000 -1.00     8
   13   -0.787   -0.794   -0.694  0.046  0.00   +0.000   +0.000 -1.00     8
   14   -0.838   -0.845   -0.749  0.047  0.00   +0.000   +0.000 -1.00     8
   15   -1.303   -1.312   -0.974  0.044  0.00   +0.000   +0.000 -1.00     7
   16   -0.224   -0.237   -0.214  0.045  0.00   +0.000   +0.000 -1.00     6
   17   -0.426   -0.456   -0.498  0.049  0.00   +0.000   +0.000 -1.00     4
   18   -0.270   -0.287   -0.168  0.045  0.00   +0.000   +0.000 -1.00     4
   19   -0.436   -0.451   -0.200  0.048  0.00   +0.000   +0.000 -1.00     4

selhyb_w32 G=24 seed=8 POOL8 control, KNOWN cues:
    k     gain     1stB  vote vc   gate   inT  w(cell)   u(cue)    rb     n
    0   -0.138   -0.154   +0.034  0.043  0.00   +0.000   +0.000 -1.00     8
    1   +0.101   +0.066   +0.025  0.046  0.00   +0.000   +0.000 -1.00     8
    2   -0.081   -0.107   -0.148  0.046  0.00   +0.000   +0.000 -1.00     8
    3   +0.165   +0.143   +0.085  0.046  0.00   +0.000   +0.000 -1.00     8
    4   -0.249   -0.280   -0.048  0.046  0.00   +0.000   +0.000 -1.00     8
    5   +0.155   +0.121   +0.092  0.045  0.00   +0.000   +0.000 -1.00     8
    6   +0.169   +0.158   +0.243  0.044  0.00   +0.000   +0.000 -1.00     8
    7   +0.063   +0.036   +0.090  0.047  0.00   +0.000   +0.000 -1.00     8
    8   +0.260   +0.239   +0.240  0.047  0.00   +0.000   +0.000 -1.00     8
    9   -0.055   -0.083   +0.024  0.045  0.00   +0.000   +0.000 -1.00     8
   10   +0.126   +0.097   +0.130  0.048  0.00   +0.000   +0.000 -1.00     8
   11   +0.228   +0.200   +0.096  0.045  0.00   +0.000   +0.000 -1.00     8
   12   +0.093   +0.057   +0.757  0.046  0.00   +0.000   +0.000 -1.00     8
   13   +0.131   +0.118   +0.257  0.045  0.00   +0.000   +0.000 -1.00     8
   14   -0.280   -0.294   -0.083  0.048  0.00   +0.000   +0.000 -1.00     8
   15   -0.259   -0.288   -0.179  0.044  0.00   +0.000   +0.000 -1.00     8
   16   -0.126   -0.176   -0.217  0.047  0.00   +0.000   +0.000 -1.00     8
   17   -0.370   -0.400   -0.224  0.042  0.00   +0.000   +0.000 -1.00     8
   18   +0.136   +0.107   +0.091  0.044  0.00   +0.000   +0.000 -1.00     8
   19   +0.001   -0.035   +0.030  0.044  0.00   +0.000   +0.000 -1.00     8

AMENDMENT A2 (vote activity): every arm's vote fired in both pools; no I1 verdict is vacuous.

PRE-REGISTERED CRITERIA (G=24, both seeds; I1 <= 0.3 bits, I2a >= 1.0 bits, I2b <= 10, I3 >= sel - 0.1):
  reference: sel POOL8 known-cue gain = seed 7 +1.463, seed 8 +1.429
  sel_w32         I1 FAIL (1.672)  | I2a FAIL (+0.877)  | I2b FAIL ([None, None])  | I3 PASS (+0.000)  -> 
  selmix_w32      I1 FAIL (0.523)  | I2a PASS (+2.325)  | I2b PASS ([0, 0])  | I3 FAIL (-1.464)  -> 
  selisn_w32      I1 FAIL (0.340)  | I2a PASS (+1.548)  | I2b PASS ([4, 6])  | I3 FAIL (-1.445)  -> 
  seliso_w32      I1 FAIL (0.737)  | I2a PASS (+2.293)  | I2b PASS ([2, 2])  | I3 FAIL (-1.491)  -> 
  selhyb_w32      I1 FAIL (0.990)  | I2a PASS (+2.098)  | I2b FAIL ([1, 15])  | I3 FAIL (-1.542)  -> 

AMENDMENT A4 (diagnostic, NOT a gate): the registered I1 compares two pools that are not exposure-
matched (POOL16 gives each known cue about half the test exposures POOL8 does), which costs 0.17-0.21
bits of the 0.3 tolerance in the same direction interference does. k-matched |diff| (k <= 19 in both):
  sel_w32        seed 7: all-k 1.647 -> k<=19 1.575 (P16 -0.213 n=150, P8 +1.362 n=160)  seed 8: all-k 1.672 -> k<=19 1.699 (P16 -0.348 n=145, P8 +1.351 n=160)
  selmix_w32     seed 7: all-k 0.523 -> k<=19 0.500 (P16 -0.517 n=150, P8 -0.017 n=160)  seed 8: all-k 0.441 -> k<=19 0.544 (P16 -0.531 n=145, P8 +0.013 n=160)
  selisn_w32     seed 7: all-k 0.340 -> k<=19 0.294 (P16 -0.303 n=150, P8 -0.009 n=160)  seed 8: all-k 0.178 -> k<=19 0.218 (P16 -0.174 n=145, P8 +0.044 n=160)
  seliso_w32     seed 7: all-k 0.737 -> k<=19 0.675 (P16 -0.727 n=150, P8 -0.052 n=160)  seed 8: all-k 0.707 -> k<=19 0.816 (P16 -0.783 n=145, P8 +0.033 n=160)
  selhyb_w32     seed 7: all-k 0.990 -> k<=19 0.955 (P16 -1.040 n=150, P8 -0.085 n=160)  seed 8: all-k 0.740 -> k<=19 0.861 (P16 -0.857 n=145, P8 +0.003 n=160)
  READING: a registered-I1 FAIL with |diff| <= ~0.2 is inside the exposure-artefact band; the k-matched
  number is the one that speaks to interference.

READING: I1+I3 (shared-readout interference fixed): none
         I2a+I2b (slow trust fixed)               : ['selmix_w32', 'selisn_w32', 'seliso_w32']
[§92B] REGISTERED BRANCHES: selmix passes I1 or I3 where sel fails -> §91A's closure is WITHDRAWN and the lever is the mixing space, not the keying. selmix ~= sel on all four -> §91A's conclusion STANDS but its text is corrected to cite this decomposition rather than the four-variable comparison. selisn materially different from seliso -> §90/§91's 'per-word dials starve' mechanism is confounded by the normalisation and both sections are corrected.
[grid92 1435s]
